warning: `no_sanitize` will have no effect after inlining
  --> $DIR/inline-always.rs:6:1
   |
LL | #[no_sanitize(address)]
   | ^^^^^^^^^^^^^^^^^^^^^^^
   |
note: inlining requested here
  --> $DIR/inline-always.rs:4:1
   |
LL | #[inline(always)]
   | ^^^^^^^^^^^^^^^^^
   = note: `#[warn(inline_no_sanitize)]` on by default

warning: 1 warning emitted

