error[E0635]: unknown feature `try_trait`
  --> $DIR/renamed_feature.rs:1:12
   |
LL | #![feature(try_trait)]
   |            ^^^^^^^^^

error: aborting due to 1 previous error

For more information about this error, try `rustc --explain E0635`.
