error: `#![doc(auto_cfg(hide(...)))]` only expects a list of items
  --> $DIR/doc_cfg_hide.rs:1:8
   |
LL | #![doc(auto_cfg(hide = "test"))]
   |        ^^^^^^^^^^^^^^^^^^^^^^^
   |
   = note: `#[deny(invalid_doc_attributes)]` on by default

error: `#![doc(auto_cfg(hide(...)))]` only expects a list of items
  --> $DIR/doc_cfg_hide.rs:2:8
   |
LL | #![doc(auto_cfg(hide))]
   |        ^^^^^^^^^^^^^^

error: aborting due to 2 previous errors

