warning: skipping link step due to conflict: cannot output linkage information without emitting link

warning: 1 warning emitted

